Archive member included to satisfy reference by file (symbol)

C:/ST/STM32CubeIDE_1.16.0/STM32CubeIDE/plugins/com.st.stm32cube.ide.mcu.externaltools.gnu-tools-for-stm32.12.3.rel1.win32_1.0.200.202406191623/tools/bin/../lib/gcc/arm-none-eabi/12.3.1/../../../../arm-none-eabi/lib/thumb/v7-m/nofp\libc_nano.a(libc_a-exit.o)
                              C:/ST/STM32CubeIDE_1.16.0/STM32CubeIDE/plugins/com.st.stm32cube.ide.mcu.externaltools.gnu-tools-for-stm32.12.3.rel1.win32_1.0.200.202406191623/tools/bin/../lib/gcc/arm-none-eabi/12.3.1/../../../../arm-none-eabi/lib/thumb/v7-m/nofp/crt0.o (exit)
C:/ST/STM32CubeIDE_1.16.0/STM32CubeIDE/plugins/com.st.stm32cube.ide.mcu.externaltools.gnu-tools-for-stm32.12.3.rel1.win32_1.0.200.202406191623/tools/bin/../lib/gcc/arm-none-eabi/12.3.1/../../../../arm-none-eabi/lib/thumb/v7-m/nofp\libc_nano.a(libc_a-findfp.o)
                              C:/ST/STM32CubeIDE_1.16.0/STM32CubeIDE/plugins/com.st.stm32cube.ide.mcu.externaltools.gnu-tools-for-stm32.12.3.rel1.win32_1.0.200.202406191623/tools/bin/../lib/gcc/arm-none-eabi/12.3.1/../../../../arm-none-eabi/lib/thumb/v7-m/nofp\libc_nano.a(libc_a-exit.o) (__stdio_exit_handler)
C:/ST/STM32CubeIDE_1.16.0/STM32CubeIDE/plugins/com.st.stm32cube.ide.mcu.externaltools.gnu-tools-for-stm32.12.3.rel1.win32_1.0.200.202406191623/tools/bin/../lib/gcc/arm-none-eabi/12.3.1/../../../../arm-none-eabi/lib/thumb/v7-m/nofp\libc_nano.a(libc_a-fwalk.o)
                              C:/ST/STM32CubeIDE_1.16.0/STM32CubeIDE/plugins/com.st.stm32cube.ide.mcu.externaltools.gnu-tools-for-stm32.12.3.rel1.win32_1.0.200.202406191623/tools/bin/../lib/gcc/arm-none-eabi/12.3.1/../../../../arm-none-eabi/lib/thumb/v7-m/nofp\libc_nano.a(libc_a-findfp.o) (_fwalk_sglue)
C:/ST/STM32CubeIDE_1.16.0/STM32CubeIDE/plugins/com.st.stm32cube.ide.mcu.externaltools.gnu-tools-for-stm32.12.3.rel1.win32_1.0.200.202406191623/tools/bin/../lib/gcc/arm-none-eabi/12.3.1/../../../../arm-none-eabi/lib/thumb/v7-m/nofp\libc_nano.a(libc_a-stdio.o)
                              C:/ST/STM32CubeIDE_1.16.0/STM32CubeIDE/plugins/com.st.stm32cube.ide.mcu.externaltools.gnu-tools-for-stm32.12.3.rel1.win32_1.0.200.202406191623/tools/bin/../lib/gcc/arm-none-eabi/12.3.1/../../../../arm-none-eabi/lib/thumb/v7-m/nofp\libc_nano.a(libc_a-findfp.o) (__sread)
C:/ST/STM32CubeIDE_1.16.0/STM32CubeIDE/plugins/com.st.stm32cube.ide.mcu.externaltools.gnu-tools-for-stm32.12.3.rel1.win32_1.0.200.202406191623/tools/bin/../lib/gcc/arm-none-eabi/12.3.1/../../../../arm-none-eabi/lib/thumb/v7-m/nofp\libc_nano.a(libc_a-memset.o)
                              C:/ST/STM32CubeIDE_1.16.0/STM32CubeIDE/plugins/com.st.stm32cube.ide.mcu.externaltools.gnu-tools-for-stm32.12.3.rel1.win32_1.0.200.202406191623/tools/bin/../lib/gcc/arm-none-eabi/12.3.1/../../../../arm-none-eabi/lib/thumb/v7-m/nofp/crt0.o (memset)
C:/ST/STM32CubeIDE_1.16.0/STM32CubeIDE/plugins/com.st.stm32cube.ide.mcu.externaltools.gnu-tools-for-stm32.12.3.rel1.win32_1.0.200.202406191623/tools/bin/../lib/gcc/arm-none-eabi/12.3.1/../../../../arm-none-eabi/lib/thumb/v7-m/nofp\libc_nano.a(libc_a-closer.o)
                              C:/ST/STM32CubeIDE_1.16.0/STM32CubeIDE/plugins/com.st.stm32cube.ide.mcu.externaltools.gnu-tools-for-stm32.12.3.rel1.win32_1.0.200.202406191623/tools/bin/../lib/gcc/arm-none-eabi/12.3.1/../../../../arm-none-eabi/lib/thumb/v7-m/nofp\libc_nano.a(libc_a-stdio.o) (_close_r)
C:/ST/STM32CubeIDE_1.16.0/STM32CubeIDE/plugins/com.st.stm32cube.ide.mcu.externaltools.gnu-tools-for-stm32.12.3.rel1.win32_1.0.200.202406191623/tools/bin/../lib/gcc/arm-none-eabi/12.3.1/../../../../arm-none-eabi/lib/thumb/v7-m/nofp\libc_nano.a(libc_a-reent.o)
                              C:/ST/STM32CubeIDE_1.16.0/STM32CubeIDE/plugins/com.st.stm32cube.ide.mcu.externaltools.gnu-tools-for-stm32.12.3.rel1.win32_1.0.200.202406191623/tools/bin/../lib/gcc/arm-none-eabi/12.3.1/../../../../arm-none-eabi/lib/thumb/v7-m/nofp\libc_nano.a(libc_a-closer.o) (errno)
C:/ST/STM32CubeIDE_1.16.0/STM32CubeIDE/plugins/com.st.stm32cube.ide.mcu.externaltools.gnu-tools-for-stm32.12.3.rel1.win32_1.0.200.202406191623/tools/bin/../lib/gcc/arm-none-eabi/12.3.1/../../../../arm-none-eabi/lib/thumb/v7-m/nofp\libc_nano.a(libc_a-impure.o)
                              C:/ST/STM32CubeIDE_1.16.0/STM32CubeIDE/plugins/com.st.stm32cube.ide.mcu.externaltools.gnu-tools-for-stm32.12.3.rel1.win32_1.0.200.202406191623/tools/bin/../lib/gcc/arm-none-eabi/12.3.1/../../../../arm-none-eabi/lib/thumb/v7-m/nofp\libc_nano.a(libc_a-reent.o) (_impure_ptr)
C:/ST/STM32CubeIDE_1.16.0/STM32CubeIDE/plugins/com.st.stm32cube.ide.mcu.externaltools.gnu-tools-for-stm32.12.3.rel1.win32_1.0.200.202406191623/tools/bin/../lib/gcc/arm-none-eabi/12.3.1/../../../../arm-none-eabi/lib/thumb/v7-m/nofp\libc_nano.a(libc_a-lseekr.o)
[...]
Memory Configuration

Name             Origin             Length             Attributes
RAM              0x20000000         0x00002800         xrw
ROM              0x08000000         0x00008000         xr
*default*        0x00000000         0xffffffff

Linker script and memory map

LOAD C:/ST/STM32CubeIDE_1.16.0/STM32CubeIDE/plugins/com.st.stm32cube.ide.mcu.externaltools.gnu-tools-for-stm32.12.3.rel1.win32_1.0.200.202406191623/tools/bin/../lib/gcc/arm-none-eabi/12.3.1/thumb/v7-m/nofp/crti.o
LOAD C:/ST/STM32CubeIDE_1.16.0/STM32CubeIDE/plugins/com.st.stm32cube.ide.mcu.externaltools.gnu-tools-for-stm32.12.3.rel1.win32_1.0.200.202406191623/tools/bin/../lib/gcc/arm-none-eabi/12.3.1/thumb/v7-m/nofp/crtbegin.o
LOAD C:/ST/STM32CubeIDE_1.16.0/STM32CubeIDE/plugins/com.st.stm32cube.ide.mcu.externaltools.gnu-tools-for-stm32.12.3.rel1.win32_1.0.200.202406191623/tools/bin/../lib/gcc/arm-none-eabi/12.3.1/../../../../arm-none-eabi/lib/thumb/v7-m/nofp/crt0.o
LOAD ./HAL/KeyPad/KPD_program.o
LOAD ./HAL/LCD/Lcd.o
LOAD ./HAL/LED/LED.o
LOAD ./HAL/PIR/PIR.o
LOAD ./HAL/Servo/Servo.o
LOAD ./Src/main.o
LOAD ./Src/syscalls.o
LOAD ./Src/sysmem.o
LOAD ./Startup/startup_stm32f103c6tx.o
LOAD ./Stm32_F103C6_Drivers/GPIO/Stm32_F103C6_gpio_driver.o
LOAD ./Stm32_F103C6_Drivers/RCC/Stm32_F103C6_RCC_driver.o
LOAD ./Stm32_F103C6_Drivers/TIMER/Stm32_F103C6_TIMER_driver.o
LOAD ./Stm32_F103C6_Drivers/USART/Stm32_F103C6_USART_driver.o
START GROUP
LOAD C:/ST/STM32CubeIDE_1.16.0/STM32CubeIDE/plugins/com.st.stm32cube.ide.mcu.externaltools.gnu-tools-for-stm32.12.3.rel1.win32_1.0.200.202406191623/tools/bin/../lib/gcc/arm-none-eabi/12.3.1/../../../../arm-none-eabi/lib/thumb/v7-m/nofp\libc_nano.a
LOAD C:/ST/STM32CubeIDE_1.16.0/STM32CubeIDE/plugins/com.st.stm32cube.ide.mcu.externaltools.gnu-tools-for-stm32.12.3.rel1.win32_1.0.200.202406191623/tools/bin/../lib/gcc/arm-none-eabi/12.3.1/../../../../arm-none-eabi/lib/thumb/v7-m/nofp\libm.a
END GROUP
START GROUP
LOAD C:/ST/STM32CubeIDE_1.16.0/STM32CubeIDE/plugins/com.st.stm32cube.ide.mcu.externaltools.gnu-tools-for-stm32.12.3.rel1.win32_1.0.200.202406191623/tools/bin/../lib/gcc/arm-none-eabi/12.3.1/thumb/v7-m/nofp\libgcc.a
LOAD C:/ST/STM32CubeIDE_1.16.0/STM32CubeIDE/plugins/com.st.stm32cube.ide.mcu.externaltools.gnu-tools-for-stm32.12.3.rel1.win32_1.0.200.202406191623/tools/bin/../lib/gcc/arm-none-eabi/12.3.1/../../../../arm-none-eabi/lib/thumb/v7-m/nofp\libg_nano.a
LOAD C:/ST/STM32CubeIDE_1.16.0/STM32CubeIDE/plugins/com.st.stm32cube.ide.mcu.externaltools.gnu-tools-for-stm32.12.3.rel1.win32_1.0.200.202406191623/tools/bin/../lib/gcc/arm-none-eabi/12.3.1/../../../../arm-none-eabi/lib/thumb/v7-m/nofp\libc_nano.a
END GROUP
START GROUP
LOAD C:/ST/STM32CubeIDE_1.16.0/STM32CubeIDE/plugins/com.st.stm32cube.ide.mcu.externaltools.gnu-tools-for-stm32.12.3.rel1.win32_1.0.200.202406191623/tools/bin/../lib/gcc/arm-none-eabi/12.3.1/thumb/v7-m/nofp\libgcc.a
LOAD C:/ST/STM32CubeIDE_1.16.0/STM32CubeIDE/plugins/com.st.stm32cube.ide.mcu.externaltools.gnu-tools-for-stm32.12.3.rel1.win32_1.0.200.202406191623/tools/bin/../lib/gcc/arm-none-eabi/12.3.1/../../../../arm-none-eabi/lib/thumb/v7-m/nofp\libc_nano.a
LOAD C:/ST/STM32CubeIDE_1.16.0/STM32CubeIDE/plugins/com.st.stm32cube.ide.mcu.externaltools.gnu-tools-for-stm32.12.3.rel1.win32_1.0.200.202406191623/tools/bin/../lib/gcc/arm-none-eabi/12.3.1/../../../../arm-none-eabi/lib/thumb/v7-m/nofp\libnosys.a
END GROUP
START GROUP
LOAD C:/ST/STM32CubeIDE_1.16.0/STM32CubeIDE/plugins/com.st.stm32cube.ide.mcu.externaltools.gnu-tools-for-stm32.12.3.rel1.win32_1.0.200.202406191623/tools/bin/../lib/gcc/arm-none-eabi/12.3.1/thumb/v7-m/nofp\libgcc.a
LOAD C:/ST/STM32CubeIDE_1.16.0/STM32CubeIDE/plugins/com.st.stm32cube.ide.mcu.externaltools.gnu-tools-for-stm32.12.3.rel1.win32_1.0.200.202406191623/tools/bin/../lib/gcc/arm-none-eabi/12.3.1/../../../../arm-none-eabi/lib/thumb/v7-m/nofp\libc_nano.a
LOAD C:/ST/STM32CubeIDE_1.16.0/STM32CubeIDE/plugins/com.st.stm32cube.ide.mcu.externaltools.gnu-tools-for-stm32.12.3.rel1.win32_1.0.200.202406191623/tools/bin/../lib/gcc/arm-none-eabi/12.3.1/../../../../arm-none-eabi/lib/thumb/v7-m/nofp\libnosys.a
END GROUP
LOAD C:/ST/STM32CubeIDE_1.16.0/STM32CubeIDE/plugins/com.st.stm32cube.ide.mcu.externaltools.gnu-tools-for-stm32.12.3.rel1.win32_1.0.200.202406191623/tools/bin/../lib/gcc/arm-none-eabi/12.3.1/thumb/v7-m/nofp/crtend.o
LOAD C:/ST/STM32CubeIDE_1.16.0/STM32CubeIDE/plugins/com.st.stm32cube.ide.mcu.externaltools.gnu-tools-for-stm32.12.3.rel1.win32_1.0.200.202406191623/tools/bin/../lib/gcc/arm-none-eabi/12.3.1/thumb/v7-m/nofp/crtn.o
                0x20002800                        _estack = (ORIGIN (RAM) + LENGTH (RAM))
                0x00000200                        _Min_Heap_Size = 0x200
                0x00000400                        _Min_Stack_Size = 0x400

.isr_vector     0x08000000      0x130
                0x08000000                        . = ALIGN (0x4)
 *(.isr_vector)
 .isr_vector    0x08000000      0x130 ./Startup/startup_stm32f103c6tx.o
                0x08000000                g_pfnVectors
                0x08000130                        . = ALIGN (0x4)

.text           0x08000130     0x2424
                0x08000130                        . = ALIGN (0x4)
 *(.text)
 .text          0x08000130       0x40 C:/ST/STM32CubeIDE_1.16.0/STM32CubeIDE/plugins/com.st.stm32cube.ide.mcu.externaltools.gnu-tools-for-stm32.12.3.rel1.win32_1.0.200.202406191623/tools/bin/../lib/gcc/arm-none-eabi/12.3.1/thumb/v7-m/nofp/crtbegin.o
 .text          0x08000170       0x14 C:/ST/STM32CubeIDE_1.16.0/STM32CubeIDE/plugins/com.st.stm32cube.ide.mcu.externaltools.gnu-tools-for-stm32.12.3.rel1.win32_1.0.200.202406191623/tools/bin/../lib/gcc/arm-none-eabi/12.3.1/../../../../arm-none-eabi/lib/thumb/v7-m/nofp\libc_nano.a(libc_a-strcmp.o)
                0x08000170                strcmp
 *(.text*)
 .text.KPD_init
                0x08000184       0xcc ./HAL/KeyPad/KPD_program.o
                0x08000184                KPD_init
 .text.KPD_ES_tGetKeyPressed
                0x08000250       0xec ./HAL/KeyPad/KPD_program.o
                0x08000250                KPD_ES_tGetKeyPressed
 .text.LCD_ES_tTrigger_Enable
                0x0800033c       0x70 ./HAL/LCD/Lcd.o
 .text.Lcd_ES_tInit
                0x080003ac      0x1b0 ./HAL/LCD/Lcd.o
                0x080003ac                Lcd_ES_tInit
 .text.wait_ms  0x0800055c       0x3a ./HAL/LCD/Lcd.o
                0x0800055c                wait_ms
 .text.lcd_ES_tclear
                0x08000596       0x3a ./HAL/LCD/Lcd.o
                0x08000596                lcd_ES_tclear
 .text.Lcd_ES_tsendCmd
                0x080005d0      0x2dc ./HAL/LCD/Lcd.o
                0x080005d0                Lcd_ES_tsendCmd
 .text.Lcd_ES_tsendChar
                0x080008ac      0x2dc ./HAL/LCD/Lcd.o
                0x080008ac                Lcd_ES_tsendChar
 .text.Lcd_ES_tsendString
                0x08000b88       0x94 ./HAL/LCD/Lcd.o
                0x08000b88                Lcd_ES_tsendString
 .text.Lcd_ES_tdisplayNum
                0x08000c1c      0x170 ./HAL/LCD/Lcd.o
                0x08000c1c                Lcd_ES_tdisplayNum
 .text.LCD_ES_tGoTo
                0x08000d8c      0x116 ./HAL/LCD/Lcd.o
                0x08000d8c                LCD_ES_tGoTo
 *fill*         0x08000ea2        0x2 
 .text.LED_Init
                0x08000ea4       0x58 ./HAL/LED/LED.o
                0x08000ea4                LED_Init
 .text.LED_ON   0x08000efc       0x40 ./HAL/LED/LED.o
                0x08000efc                LED_ON
 .text.LED_OFF  0x08000f3c       0x40 ./HAL/LED/LED.o
                0x08000f3c                LED_OFF
 .text.PIR_Init
                0x08000f7c       0x38 ./HAL/PIR/PIR.o
                0x08000f7c                PIR_Init
 .text.PIR_Read
                0x08000fb4       0x60 ./HAL/PIR/PIR.o
                0x08000fb4                PIR_Read
 .text.Servo_Init
                0x08001014       0x5c ./HAL/Servo/Servo.o
                0x08001014                Servo_Init
 .text.Servo_Move
                0x08001070       0xbc ./HAL/Servo/Servo.o
                0x08001070                Servo_Move
 .text.clearArray
                0x0800112c       0x36 ./Src/main.o
                0x0800112c                clearArray
 *fill*         0x08001162        0x2 
 .text.ShowIDs  0x08001164       0x64 ./Src/main.o
                0x08001164                ShowIDs
 .text.CompareWithDataBase
                0x080011c8       0x7a ./Src/main.o
                0x080011c8                CompareWithDataBase
 *fill*         0x08001242        0x2 
 .text.UART_RecieverEntry_CallBack
                0x08001244      0x1e0 ./Src/main.o
                0x08001244                UART_RecieverEntry_CallBack
 .text.UART_RecieverExit_CallBack
                0x08001424      0x1bc ./Src/main.o
                0x08001424                UART_RecieverExit_CallBack
 .text.clock_init
                0x080015e0       0x34 ./Src/main.o
                0x080015e0                clock_init
 .text.main     0x08001614      0x664 ./Src/main.o
                0x08001614                main
 .text.Reset_Handler
                0x08001c78       0x50 ./Startup/startup_stm32f103c6tx.o
                0x08001c78                Reset_Handler
 .text.Default_Handler
                0x08001cc8        0x2 ./Startup/startup_stm32f103c6tx.o
                0x08001cc8                EXTI2_IRQHandler
                0x08001cc8                TIM8_TRG_COM_IRQHandler
                0x08001cc8                TIM8_CC_IRQHandler
                0x08001cc8                DebugMon_Handler
                0x08001cc8                TIM1_CC_IRQHandler
                0x08001cc8                HardFault_Handler
                0x08001cc8                TIM6_IRQHandler
                0x08001cc8                SysTick_Handler
                0x08001cc8                PVD_IRQHandler
                0x08001cc8                SDIO_IRQHandler
                0x08001cc8                PendSV_Handler
                0x08001cc8                NMI_Handler
                0x08001cc8                EXTI3_IRQHandler
                0x08001cc8                USB_HP_CAN_TX_IRQHandler
                0x08001cc8                EXTI0_IRQHandler
                0x08001cc8                I2C2_EV_IRQHandler
                0x08001cc8                UsageFault_Handler
                0x08001cc8                ADC1_2_IRQHandler
                0x08001cc8                SPI1_IRQHandler
                0x08001cc8                CAN_SCE_IRQHandler
                0x08001cc8                TAMPER_IRQHandler
                0x08001cc8                TIM8_UP_IRQHandler
                0x08001cc8                DMA2_Channel2_IRQHandler
                0x08001cc8                DMA1_Channel4_IRQHandler
                0x08001cc8                RTC_IRQHandler
                0x08001cc8                DMA1_Channel7_IRQHandler
                0x08001cc8                UART5_IRQHandler
                0x08001cc8                ADC3_IRQHandler
                0x08001cc8                TIM4_IRQHandler
                0x08001cc8                CAN_RX1_IRQHandler
                0x08001cc8                DMA2_Channel1_IRQHandler
                0x08001cc8                I2C1_EV_IRQHandler
                0x08001cc8                DMA1_Channel6_IRQHandler
                0x08001cc8                UART4_IRQHandler
                0x08001cc8                TIM3_IRQHandler
                0x08001cc8                RCC_IRQHandler
                0x08001cc8                TIM1_TRG_COM_IRQHandler
                0x08001cc8                DMA1_Channel1_IRQHandler
                0x08001cc8                Default_Handler
                0x08001cc8                EXTI15_10_IRQHandler
                0x08001cc8                TIM7_IRQHandler
                0x08001cc8                TIM5_IRQHandler
                0x08001cc8                EXTI9_5_IRQHandler
                0x08001cc8                SPI2_IRQHandler
                0x08001cc8                USB_LP_CAN_RX0_IRQHandler
                0x08001cc8                MemManage_Handler
                0x08001cc8                SVC_Handler
                0x08001cc8                DMA1_Channel5_IRQHandler
                0x08001cc8                EXTI4_IRQHandler
                0x08001cc8                DMA1_Channel3_IRQHandler
                0x08001cc8                FSMC_IRQHandler
                0x08001cc8                TIM1_UP_IRQHandler
                0x08001cc8                WWDG_IRQHandler
                0x08001cc8                TIM2_IRQHandler
                0x08001cc8                TIM1_BRK_IRQHandler
                0x08001cc8                EXTI1_IRQHandler
                0x08001cc8                RTCAlarm_IRQHandler
                0x08001cc8                DMA2_Channel4_5_IRQHandler
                0x08001cc8                I2C2_ER_IRQHandler
                0x08001cc8                DMA1_Channel2_IRQHandler
                0x08001cc8                TIM8_BRK_IRQHandler
                0x08001cc8                FLASH_IRQHandler
                0x08001cc8                BusFault_Handler
                0x08001cc8                SPI3_IRQHandler
                0x08001cc8                I2C1_ER_IRQHandler
                0x08001cc8                DMA2_Channel3_IRQHandler
 *fill*         0x08001cca        0x2 
 .text.Get_CRLH_Position
                0x08001ccc      0x170 ./Stm32_F103C6_Drivers/GPIO/Stm32_F103C6_gpio_driver.o
                0x08001ccc                Get_CRLH_Position
 .text.MCAL_GPIO_Init
                0x08001e3c       0xfe ./Stm32_F103C6_Drivers/GPIO/Stm32_F103C6_gpio_driver.o
                0x08001e3c                MCAL_GPIO_Init
 .text.MCAL_GPIO_ReadPin
                0x08001f3a       0x2e ./Stm32_F103C6_Drivers/GPIO/Stm32_F103C6_gpio_driver.o
                0x08001f3a                MCAL_GPIO_ReadPin
 .text.MCAL_GPIO_WritePin
                0x08001f68       0x2e ./Stm32_F103C6_Drivers/GPIO/Stm32_F103C6_gpio_driver.o
                0x08001f68                MCAL_GPIO_WritePin
 *fill*         0x08001f96        0x2 
 .text.MCAL_RCC_GetSYSCLKFreq
                0x08001f98       0x40 ./Stm32_F103C6_Drivers/RCC/Stm32_F103C6_RCC_driver.o
                0x08001f98                MCAL_RCC_GetSYSCLKFreq
 .text.MCAL_RCC_GetHCLKFreq
                0x08001fd8       0x28 ./Stm32_F103C6_Drivers/RCC/Stm32_F103C6_RCC_driver.o
                0x08001fd8                MCAL_RCC_GetHCLKFreq
 .text.MCAL_RCC_GetPCLK1Freq
                0x08002000       0x28 ./Stm32_F103C6_Drivers/RCC/Stm32_F103C6_RCC_driver.o
                0x08002000                MCAL_RCC_GetPCLK1Freq
 .text.MCAL_RCC_GetPCLK2Freq
                0x08002028       0x28 ./Stm32_F103C6_Drivers/RCC/Stm32_F103C6_RCC_driver.o
                0x08002028                MCAL_RCC_GetPCLK2Freq
 .text.TIMER2_Init
                0x08002050       0x50 ./Stm32_F103C6_Drivers/TIMER/Stm32_F103C6_TIMER_driver.o
                0x08002050                TIMER2_Init
 .text.Delay_us
                0x080020a0       0x2a ./Stm32_F103C6_Drivers/TIMER/Stm32_F103C6_TIMER_driver.o
                0x080020a0                Delay_us
 .text.Delay_ms
                0x080020ca       0x2e ./Stm32_F103C6_Drivers/TIMER/Stm32_F103C6_TIMER_driver.o
                0x080020ca                Delay_ms
 .text.which_UART
                0x080020f8       0x44 ./Stm32_F103C6_Drivers/USART/Stm32_F103C6_USART_driver.o
 .text.MCAL_UART_Init
                0x0800213c      0x1b0 ./Stm32_F103C6_Drivers/USART/Stm32_F103C6_USART_driver.o
                0x0800213c                MCAL_UART_Init
 .text.MCAL_UART_SendData
                0x080022ec       0x3e ./Stm32_F103C6_Drivers/USART/Stm32_F103C6_USART_driver.o
                0x080022ec                MCAL_UART_SendData
 .text.MCAL_UART_SendString
                0x0800232a       0x50 ./Stm32_F103C6_Drivers/USART/Stm32_F103C6_USART_driver.o
                0x0800232a                MCAL_UART_SendString
 *fill*         0x0800237a        0x2 
 .text.MCAL_UART_ReceiveData
                0x0800237c       0x70 ./Stm32_F103C6_Drivers/USART/Stm32_F103C6_USART_driver.o
                0x0800237c                MCAL_UART_ReceiveData
 .text.MCAL_UART_GPIO_SetPins
                0x080023ec       0xcc ./Stm32_F103C6_Drivers/USART/Stm32_F103C6_USART_driver.o
                0x080023ec                MCAL_UART_GPIO_SetPins
 .text.USART1_IRQHandler
                0x080024b8       0x14 ./Stm32_F103C6_Drivers/USART/Stm32_F103C6_USART_driver.o
                0x080024b8                USART1_IRQHandler
 .text.USART2_IRQHandler
                0x080024cc       0x14 ./Stm32_F103C6_Drivers/USART/Stm32_F103C6_USART_driver.o
                0x080024cc                USART2_IRQHandler
 .text.USART3_IRQHandler
                0x080024e0       0x14 ./Stm32_F103C6_Drivers/USART/Stm32_F103C6_USART_driver.o
                0x080024e0                USART3_IRQHandler
 .text.__libc_init_array
                0x080024f4       0x48 C:/ST/STM32CubeIDE_1.16.0/STM32CubeIDE/plugins/com.st.stm32cube.ide.mcu.externaltools.gnu-tools-for-stm32.12.3.rel1.win32_1.0.200.202406191623/tools/bin/../lib/gcc/arm-none-eabi/12.3.1/../../../../arm-none-eabi/lib/thumb/v7-m/nofp\libc_nano.a(libc_a-init.o)
                0x080024f4                __libc_init_array
 *(.glue_7)
 .glue_7        0x0800253c        0x0 linker stubs
 *(.glue_7t)
 .glue_7t       0x0800253c        0x0 linker stubs
 *(.eh_frame)
 .eh_frame      0x0800253c        0x0 C:/ST/STM32CubeIDE_1.16.0/STM32CubeIDE/plugins/com.st.stm32cube.ide.mcu.externaltools.gnu-tools-for-stm32.12.3.rel1.win32_1.0.200.202406191623/tools/bin/../lib/gcc/arm-none-eabi/12.3.1/thumb/v7-m/nofp/crtbegin.o
 *(.init)
 .init          0x0800253c        0x4 C:/ST/STM32CubeIDE_1.16.0/STM32CubeIDE/plugins/com.st.stm32cube.ide.mcu.externaltools.gnu-tools-for-stm32.12.3.rel1.win32_1.0.200.202406191623/tools/bin/../lib/gcc/arm-none-eabi/12.3.1/thumb/v7-m/nofp/crti.o
                0x0800253c                _init
 .init          0x08002540        0x8 C:/ST/STM32CubeIDE_1.16.0/STM32CubeIDE/plugins/com.st.stm32cube.ide.mcu.externaltools.gnu-tools-for-stm32.12.3.rel1.win32_1.0.200.202406191623/tools/bin/../lib/gcc/arm-none-eabi/12.3.1/thumb/v7-m/nofp/crtn.o
 *(.fini)
 .fini          0x08002548        0x4 C:/ST/STM32CubeIDE_1.16.0/STM32CubeIDE/plugins/com.st.stm32cube.ide.mcu.externaltools.gnu-tools-for-stm32.12.3.rel1.win32_1.0.200.202406191623/tools/bin/../lib/gcc/arm-none-eabi/12.3.1/thumb/v7-m/nofp/crti.o
                0x08002548                _fini
 .fini          0x0800254c        0x8 C:/ST/STM32CubeIDE_1.16.0/STM32CubeIDE/plugins/com.st.stm32cube.ide.mcu.externaltools.gnu-tools-for-stm32.12.3.rel1.win32_1.0.200.202406191623/tools/bin/../lib/gcc/arm-none-eabi/12.3.1/thumb/v7-m/nofp/crtn.o
                0x08002554                        . = ALIGN (0x4)
                0x08002554                        _etext = .

.vfp11_veneer   0x08002554        0x0
 .vfp11_veneer  0x08002554        0x0 linker stubs

.v4_bx          0x08002554        0x0
 .v4_bx         0x08002554        0x0 linker stubs

.iplt           0x08002554        0x0
 .iplt          0x08002554        0x0 C:/ST/STM32CubeIDE_1.16.0/STM32CubeIDE/plugins/com.st.stm32cube.ide.mcu.externaltools.gnu-tools-for-stm32.12.3.rel1.win32_1.0.200.202406191623/tools/bin/../lib/gcc/arm-none-eabi/12.3.1/thumb/v7-m/nofp/crtbegin.o

.rodata         0x08002554      0x170
                0x08002554                        . = ALIGN (0x4)
 *(.rodata)
 .rodata        0x08002554      0x141 ./Src/main.o
 *(.rodata*)
 *fill*         0x08002695        0x3 
 .rodata.KPD_Au8Keys
                0x08002698        0xc ./HAL/KeyPad/KPD_program.o
                0x08002698                KPD_Au8Keys
 .rodata.KPD_Au8RowsPins
                0x080026a4        0x4 ./HAL/KeyPad/KPD_program.o
                0x080026a4                KPD_Au8RowsPins
 .rodata.KPD_Au8ColsPins
                0x080026a8        0x3 ./HAL/KeyPad/KPD_program.o
                0x080026a8                KPD_Au8ColsPins
 *fill*         0x080026ab        0x1 
 .rodata.APBPrescTable
                0x080026ac        0x8 ./Stm32_F103C6_Drivers/RCC/Stm32_F103C6_RCC_driver.o
                0x080026ac                APBPrescTable
 .rodata.AHBPrescTable
                0x080026b4       0x10 ./Stm32_F103C6_Drivers/RCC/Stm32_F103C6_RCC_driver.o
                0x080026b4                AHBPrescTable
                0x080026c4                        . = ALIGN (0x4)

.ARM.extab      0x080026c4        0x0
                0x080026c4                        . = ALIGN (0x4)
 *(.ARM.extab* .gnu.linkonce.armextab.*)
                0x080026c4                        . = ALIGN (0x4)

.ARM            0x080026c4        0x8
                0x080026c4                        . = ALIGN (0x4)
                0x080026c4                        __exidx_start = .
 *(.ARM.exidx*)
 .ARM.exidx     0x080026c4        0x8 C:/ST/STM32CubeIDE_1.16.0/STM32CubeIDE/plugins/com.st.stm32cube.ide.mcu.externaltools.gnu-tools-for-stm32.12.3.rel1.win32_1.0.200.202406191623/tools/bin/../lib/gcc/arm-none-eabi/12.3.1/../../../../arm-none-eabi/lib/thumb/v7-m/nofp\libc_nano.a(libc_a-strcmp.o)
                0x080026cc                        __exidx_end = .
                0x080026cc                        . = ALIGN (0x4)

.rel.dyn        0x080026cc        0x0
 .rel.iplt      0x080026cc        0x0 C:/ST/STM32CubeIDE_1.16.0/STM32CubeIDE/plugins/com.st.stm32cube.ide.mcu.externaltools.gnu-tools-for-stm32.12.3.rel1.win32_1.0.200.202406191623/tools/bin/../lib/gcc/arm-none-eabi/12.3.1/thumb/v7-m/nofp/crtbegin.o

.preinit_array  0x080026cc        0x0
                0x080026cc                        . = ALIGN (0x4)
                0x080026cc                        PROVIDE (__preinit_array_start = .)
 *(.preinit_array*)
                0x080026cc                        PROVIDE (__preinit_array_end = .)
                0x080026cc                        . = ALIGN (0x4)

.init_array     0x080026cc        0x4
                0x080026cc                        . = ALIGN (0x4)
                0x080026cc                        PROVIDE (__init_array_start = .)
 *(SORT_BY_NAME(.init_array.*))
 *(.init_array*)
 .init_array    0x080026cc        0x4 C:/ST/STM32CubeIDE_1.16.0/STM32CubeIDE/plugins/com.st.stm32cube.ide.mcu.externaltools.gnu-tools-for-stm32.12.3.rel1.win32_1.0.200.202406191623/tools/bin/../lib/gcc/arm-none-eabi/12.3.1/thumb/v7-m/nofp/crtbegin.o
                0x080026d0                        PROVIDE (__init_array_end = .)
                0x080026d0                        . = ALIGN (0x4)

.fini_array     0x080026d0        0x4
                0x080026d0                        . = ALIGN (0x4)
                [!provide]                        PROVIDE (__fini_array_start = .)
 *(SORT_BY_NAME(.fini_array.*))
 *(.fini_array*)
 .fini_array    0x080026d0        0x4 C:/ST/STM32CubeIDE_1.16.0/STM32CubeIDE/plugins/com.st.stm32cube.ide.mcu.externaltools.gnu-tools-for-stm32.12.3.rel1.win32_1.0.200.202406191623/tools/bin/../lib/gcc/arm-none-eabi/12.3.1/thumb/v7-m/nofp/crtbegin.o
                [!provide]                        PROVIDE (__fini_array_end = .)
                0x080026d4                        . = ALIGN (0x4)
                0x080026d4                        _sidata = LOADADDR (.data)

.data           0x20000000        0x4 load address 0x080026d4
                0x20000000                        . = ALIGN (0x4)
                0x20000000                        _sdata = .
 *(.data)
 *(.data*)
 .data.availableSlots
                0x20000000        0x1 ./Src/main.o
                0x20000004                        . = ALIGN (0x4)
 *fill*         0x20000001        0x3 
                0x20000004                        _edata = .

.igot.plt       0x20000004        0x0 load address 0x080026d8
 .igot.plt      0x20000004        0x0 C:/ST/STM32CubeIDE_1.16.0/STM32CubeIDE/plugins/com.st.stm32cube.ide.mcu.externaltools.gnu-tools-for-stm32.12.3.rel1.win32_1.0.200.202406191623/tools/bin/../lib/gcc/arm-none-eabi/12.3.1/thumb/v7-m/nofp/crtbegin.o
                0x20000004                        . = ALIGN (0x4)

.bss            0x20000004       0x8c load address 0x080026d8
                0x20000004                        _sbss = .
                0x20000004                        __bss_start__ = _sbss
 *(.bss)
 .bss           0x20000004       0x1c C:/ST/STM32CubeIDE_1.16.0/STM32CubeIDE/plugins/com.st.stm32cube.ide.mcu.externaltools.gnu-tools-for-stm32.12.3.rel1.win32_1.0.200.202406191623/tools/bin/../lib/gcc/arm-none-eabi/12.3.1/thumb/v7-m/nofp/crtbegin.o
 *(.bss*)
 .bss.KeyPressed
                0x20000020        0x1 ./Src/main.o
                0x20000020                KeyPressed
 .bss.PIR1_Reading
                0x20000021        0x1 ./Src/main.o
                0x20000021                PIR1_Reading
 .bss.PIR2_Reading
                0x20000022        0x1 ./Src/main.o
                0x20000022                PIR2_Reading
 *fill*         0x20000023        0x1 
 .bss.AllowedIDs
                0x20000024       0x14 ./Src/main.o
                0x20000024                AllowedIDs
 .bss.dump      0x20000038        0x1 ./Src/main.o
                0x20000038                dump
 .bss.EntryReceived
                0x20000039        0x1 ./Src/main.o
                0x20000039                EntryReceived
 .bss.ExitReceived
                0x2000003a        0x1 ./Src/main.o
                0x2000003a                ExitReceived
 .bss.EntryCounter
                0x2000003b        0x1 ./Src/main.o
 .bss.ExitCounter
                0x2000003c        0x1 ./Src/main.o
 *fill*         0x2000003d        0x3 
 .bss.temp_EntryCard
                0x20000040        0x6 ./Src/main.o
                0x20000040                temp_EntryCard
 *fill*         0x20000046        0x2 
 .bss.temp_ExitCard
                0x20000048        0x6 ./Src/main.o
                0x20000048                temp_ExitCard
 .bss.currentState
                0x2000004e        0x1 ./Src/main.o
                0x2000004e                currentState
 .bss.gettingOption
                0x2000004f        0x1 ./Src/main.o
                0x2000004f                gettingOption
 .bss.userDisplayed
                0x20000050        0x1 ./Src/main.o
                0x20000050                userDisplayed
 .bss.adminDisplayed
                0x20000051        0x1 ./Src/main.o
                0x20000051                adminDisplayed
 *fill*         0x20000052        0x2 
 .bss.Global_UART_Config
                0x20000054       0x3c ./Stm32_F103C6_Drivers/USART/Stm32_F103C6_USART_driver.o
                0x20000054                Global_UART_Config
 *(COMMON)
                0x20000090                        . = ALIGN (0x4)
                0x20000090                        _ebss = .
                0x20000090                        __bss_end__ = _ebss

._user_heap_stack
                0x20000090      0x600 load address 0x080026d8
                0x20000090                        . = ALIGN (0x8)
                [!provide]                        PROVIDE (end = .)
                0x20000090                        PROVIDE (_end = .)
                0x20000290                        . = (. + _Min_Heap_Size)
 *fill*         0x20000090      0x200 
                0x20000690                        . = (. + _Min_Stack_Size)
 *fill*         0x20000290      0x400 
                0x20000690                        . = ALIGN (0x8)

/DISCARD/
 libc.a(*)
 libm.a(*)
 libgcc.a(*)

.ARM.attributes
                0x00000000       0x29
 *(.ARM.attributes)
 .ARM.attributes
                0x00000000       0x1d C:/ST/STM32CubeIDE_1.16.0/STM32CubeIDE/plugins/com.st.stm32cube.ide.mcu.externaltools.gnu-tools-for-stm32.12.3.rel1.win32_1.0.200.202406191623/tools/bin/../lib/gcc/arm-none-eabi/12.3.1/thumb/v7-m/nofp/crti.o
 .ARM.attributes
                0x0000001d       0x2d C:/ST/STM32CubeIDE_1.16.0/STM32CubeIDE/plugins/com.st.stm32cube.ide.mcu.externaltools.gnu-tools-for-stm32.12.3.rel1.win32_1.0.200.202406191623/tools/bin/../lib/gcc/arm-none-eabi/12.3.1/thumb/v7-m/nofp/crtbegin.o
 .ARM.attributes
                0x0000004a       0x2d ./HAL/KeyPad/KPD_program.o
 .ARM.attributes
                0x00000077       0x2d ./HAL/LCD/Lcd.o
 .ARM.attributes
                0x000000a4       0x2d ./HAL/LED/LED.o
 .ARM.attributes
                0x000000d1       0x2d ./HAL/PIR/PIR.o
 .ARM.attributes
                0x000000fe       0x2d ./HAL/Servo/Servo.o
 .ARM.attributes
                0x0000012b       0x2d ./Src/main.o
 .ARM.attributes
                0x00000158       0x21 ./Startup/startup_stm32f103c6tx.o
 .ARM.attributes
                0x00000179       0x2d ./Stm32_F103C6_Drivers/GPIO/Stm32_F103C6_gpio_driver.o
 .ARM.attributes
                0x000001a6       0x2d ./Stm32_F103C6_Drivers/RCC/Stm32_F103C6_RCC_driver.o
 .ARM.attributes
                0x000001d3       0x2d ./Stm32_F103C6_Drivers/TIMER/Stm32_F103C6_TIMER_driver.o
 .ARM.attributes
                0x00000200       0x2d ./Stm32_F103C6_Drivers/USART/Stm32_F103C6_USART_driver.o
 .ARM.attributes
                0x0000022d       0x2d C:/ST/STM32CubeIDE_1.16.0/STM32CubeIDE/plugins/com.st.stm32cube.ide.mcu.externaltools.gnu-tools-for-stm32.12.3.rel1.win32_1.0.200.202406191623/tools/bin/../lib/gcc/arm-none-eabi/12.3.1/../../../../arm-none-eabi/lib/thumb/v7-m/nofp\libc_nano.a(libc_a-init.o)
 .ARM.attributes
                0x0000025a       0x1b C:/ST/STM32CubeIDE_1.16.0/STM32CubeIDE/plugins/com.st.stm32cube.ide.mcu.externaltools.gnu-tools-for-stm32.12.3.rel1.win32_1.0.200.202406191623/tools/bin/../lib/gcc/arm-none-eabi/12.3.1/../../../../arm-none-eabi/lib/thumb/v7-m/nofp\libc_nano.a(libc_a-strcmp.o)
 .ARM.attributes
                0x00000275       0x1d C:/ST/STM32CubeIDE_1.16.0/STM32CubeIDE/plugins/com.st.stm32cube.ide.mcu.externaltools.gnu-tools-for-stm32.12.3.rel1.win32_1.0.200.202406191623/tools/bin/../lib/gcc/arm-none-eabi/12.3.1/thumb/v7-m/nofp/crtn.o
OUTPUT(AutomatedSmartParkingProject.elf elf32-littlearm)
LOAD linker stubs
LOAD C:/ST/STM32CubeIDE_1.16.0/STM32CubeIDE/plugins/com.st.stm32cube.ide.mcu.externaltools.gnu-tools-for-stm32.12.3.rel1.win32_1.0.200.202406191623/tools/bin/../lib/gcc/arm-none-eabi/12.3.1/../../../../arm-none-eabi/lib/thumb/v7-m/nofp\libc.a
LOAD C:/ST/STM32CubeIDE_1.16.0/STM32CubeIDE/plugins/com.st.stm32cube.ide.mcu.externaltools.gnu-tools-for-stm32.12.3.rel1.win32_1.0.200.202406191623/tools/bin/../lib/gcc/arm-none-eabi/12.3.1/../../../../arm-none-eabi/lib/thumb/v7-m/nofp\libm.a
LOAD C:/ST/STM32CubeIDE_1.16.0/STM32CubeIDE/plugins/com.st.stm32cube.ide.mcu.externaltools.gnu-tools-for-stm32.12.3.rel1.win32_1.0.200.202406191623/tools/bin/../lib/gcc/arm-none-eabi/12.3.1/thumb/v7-m/nofp\libgcc.a

.debug_info     0x00000000     0x2bc9
 .debug_info    0x00000000      0x34f ./HAL/KeyPad/KPD_program.o
 .debug_info    0x0000034f      0x6e0 ./HAL/LCD/Lcd.o
 .debug_info    0x00000a2f      0x253 ./HAL/LED/LED.o
 .debug_info    0x00000c82      0x23c ./HAL/PIR/PIR.o
 .debug_info    0x00000ebe      0x2a8 ./HAL/Servo/Servo.o
 .debug_info    0x00001166      0xa05 ./Src/main.o
 .debug_info    0x00001b6b       0x30 ./Startup/startup_stm32f103c6tx.o
 .debug_info    0x00001b9b      0x49b ./Stm32_F103C6_Drivers/GPIO/Stm32_F103C6_gpio_driver.o
 .debug_info    0x00002036      0x223 ./Stm32_F103C6_Drivers/RCC/Stm32_F103C6_RCC_driver.o
 .debug_info    0x00002259      0x311 ./Stm32_F103C6_Drivers/TIMER/Stm32_F103C6_TIMER_driver.o
 .debug_info    0x0000256a      0x65f ./Stm32_F103C6_Drivers/USART/Stm32_F103C6_USART_driver.o

.debug_abbrev   0x00000000      0xe5e
 .debug_abbrev  0x00000000      0x156 ./HAL/KeyPad/KPD_program.o
 .debug_abbrev  0x00000156      0x1e2 ./HAL/LCD/Lcd.o
 .debug_abbrev  0x00000338       0xf3 ./HAL/LED/LED.o
 .debug_abbrev  0x0000042b      0x11b ./HAL/PIR/PIR.o
 .debug_abbrev  0x00000546      0x129 ./HAL/Servo/Servo.o
 .debug_abbrev  0x0000066f      0x290 ./Src/main.o
 .debug_abbrev  0x000008ff       0x24 ./Startup/startup_stm32f103c6tx.o
 .debug_abbrev  0x00000923      0x16f ./Stm32_F103C6_Drivers/GPIO/Stm32_F103C6_gpio_driver.o
 .debug_abbrev  0x00000a92       0xda ./Stm32_F103C6_Drivers/RCC/Stm32_F103C6_RCC_driver.o
 .debug_abbrev  0x00000b6c      0x11b ./Stm32_F103C6_Drivers/TIMER/Stm32_F103C6_TIMER_driver.o
 .debug_abbrev  0x00000c87      0x1d7 ./Stm32_F103C6_Drivers/USART/Stm32_F103C6_USART_driver.o

.debug_loc      0x00000000     0x1136
 .debug_loc     0x00000000       0xa0 ./HAL/KeyPad/KPD_program.o
 .debug_loc     0x000000a0      0x41c ./HAL/LCD/Lcd.o
 .debug_loc     0x000004bc       0xf0 ./HAL/LED/LED.o
 .debug_loc     0x000005ac       0xa0 ./HAL/PIR/PIR.o
 .debug_loc     0x0000064c       0xa0 ./HAL/Servo/Servo.o
 .debug_loc     0x000006ec      0x23a ./Src/main.o
 .debug_loc     0x00000926      0x330 ./Stm32_F103C6_Drivers/GPIO/Stm32_F103C6_gpio_driver.o
 .debug_loc     0x00000c56       0xc8 ./Stm32_F103C6_Drivers/RCC/Stm32_F103C6_RCC_driver.o
 .debug_loc     0x00000d1e       0xf0 ./Stm32_F103C6_Drivers/TIMER/Stm32_F103C6_TIMER_driver.o
 .debug_loc     0x00000e0e      0x328 ./Stm32_F103C6_Drivers/USART/Stm32_F103C6_USART_driver.o

.debug_aranges  0x00000000      0x2e0
 .debug_aranges
                0x00000000       0x28 ./HAL/KeyPad/KPD_program.o
 .debug_aranges
                0x00000028       0x80 ./HAL/LCD/Lcd.o
 .debug_aranges
                0x000000a8       0x30 ./HAL/LED/LED.o
 .debug_aranges
                0x000000d8       0x28 ./HAL/PIR/PIR.o
 .debug_aranges
                0x00000100       0x28 ./HAL/Servo/Servo.o
 .debug_aranges
                0x00000128       0x58 ./Src/main.o
 .debug_aranges
                0x00000180       0x28 ./Startup/startup_stm32f103c6tx.o
 .debug_aranges
                0x000001a8       0x60 ./Stm32_F103C6_Drivers/GPIO/Stm32_F103C6_gpio_driver.o
 .debug_aranges
                0x00000208       0x38 ./Stm32_F103C6_Drivers/RCC/Stm32_F103C6_RCC_driver.o
 .debug_aranges
                0x00000240       0x30 ./Stm32_F103C6_Drivers/TIMER/Stm32_F103C6_TIMER_driver.o
 .debug_aranges
                0x00000270       0x70 ./Stm32_F103C6_Drivers/USART/Stm32_F103C6_USART_driver.o

.debug_ranges   0x00000000      0x218
 .debug_ranges  0x00000000       0x18 ./HAL/KeyPad/KPD_program.o
 .debug_ranges  0x00000018       0x70 ./HAL/LCD/Lcd.o
 .debug_ranges  0x00000088       0x20 ./HAL/LED/LED.o
 .debug_ranges  0x000000a8       0x18 ./HAL/PIR/PIR.o
 .debug_ranges  0x000000c0       0x18 ./HAL/Servo/Servo.o
 .debug_ranges  0x000000d8       0x48 ./Src/main.o
 .debug_ranges  0x00000120       0x50 ./Stm32_F103C6_Drivers/GPIO/Stm32_F103C6_gpio_driver.o
 .debug_ranges  0x00000170       0x28 ./Stm32_F103C6_Drivers/RCC/Stm32_F103C6_RCC_driver.o
 .debug_ranges  0x00000198       0x20 ./Stm32_F103C6_Drivers/TIMER/Stm32_F103C6_TIMER_driver.o
 .debug_ranges  0x000001b8       0x60 ./Stm32_F103C6_Drivers/USART/Stm32_F103C6_USART_driver.o

.debug_macro    0x00000000     0x3275
 .debug_macro   0x00000000      0x1a3 ./HAL/KeyPad/KPD_program.o
 .debug_macro   0x000001a3      0xa96 ./HAL/KeyPad/KPD_program.o
 .debug_macro   0x00000c39       0x24 ./HAL/KeyPad/KPD_program.o
 .debug_macro   0x00000c5d       0x22 ./HAL/KeyPad/KPD_program.o
 .debug_macro   0x00000c7f       0x5b ./HAL/KeyPad/KPD_program.o
 .debug_macro   0x00000cda       0x94 ./HAL/KeyPad/KPD_program.o
 .debug_macro   0x00000d6e       0x43 ./HAL/KeyPad/KPD_program.o
 .debug_macro   0x00000db1       0x34 ./HAL/KeyPad/KPD_program.o
 .debug_macro   0x00000de5       0x16 ./HAL/KeyPad/KPD_program.o
 .debug_macro   0x00000dfb      0x11c ./HAL/KeyPad/KPD_program.o
 .debug_macro   0x00000f17       0x94 ./HAL/KeyPad/KPD_program.o
 .debug_macro   0x00000fab       0x16 ./HAL/KeyPad/KPD_program.o
 .debug_macro   0x00000fc1       0x43 ./HAL/KeyPad/KPD_program.o
 .debug_macro   0x00001004       0x57 ./HAL/KeyPad/KPD_program.o
 .debug_macro   0x0000105b       0x34 ./HAL/KeyPad/KPD_program.o
 .debug_macro   0x0000108f       0x10 ./HAL/KeyPad/KPD_program.o
 .debug_macro   0x0000109f       0x58 ./HAL/KeyPad/KPD_program.o
 .debug_macro   0x000010f7       0x8e ./HAL/KeyPad/KPD_program.o
 .debug_macro   0x00001185       0x1c ./HAL/KeyPad/KPD_program.o
 .debug_macro   0x000011a1      0x177 ./HAL/KeyPad/KPD_program.o
 .debug_macro   0x00001318      0x369 ./HAL/KeyPad/KPD_program.o
 .debug_macro   0x00001681       0x16 ./HAL/KeyPad/KPD_program.o
 .debug_macro   0x00001697       0x29 ./HAL/KeyPad/KPD_program.o
 .debug_macro   0x000016c0      0x103 ./HAL/KeyPad/KPD_program.o
 .debug_macro   0x000017c3       0x6a ./HAL/KeyPad/KPD_program.o
 .debug_macro   0x0000182d      0x1df ./HAL/KeyPad/KPD_program.o
 .debug_macro   0x00001a0c      0x6d3 ./HAL/KeyPad/KPD_program.o
 .debug_macro   0x000020df       0xd0 ./HAL/KeyPad/KPD_program.o
 .debug_macro   0x000021af       0x7c ./HAL/KeyPad/KPD_program.o
 .debug_macro   0x0000222b       0x46 ./HAL/KeyPad/KPD_program.o
 .debug_macro   0x00002271       0x46 ./HAL/KeyPad/KPD_program.o
 .debug_macro   0x000022b7      0x1a8 ./HAL/LCD/Lcd.o
 .debug_macro   0x0000245f       0x16 ./HAL/LCD/Lcd.o
 .debug_macro   0x00002475       0x35 ./HAL/LCD/Lcd.o
 .debug_macro   0x000024aa       0x20 ./HAL/LCD/Lcd.o
 .debug_macro   0x000024ca      0x15b ./HAL/LED/LED.o
 .debug_macro   0x00002625       0x16 ./HAL/LED/LED.o
 .debug_macro   0x0000263b      0x15b ./HAL/PIR/PIR.o
 .debug_macro   0x00002796       0x16 ./HAL/PIR/PIR.o
 .debug_macro   0x000027ac      0x165 ./HAL/Servo/Servo.o
 .debug_macro   0x00002911       0x16 ./HAL/Servo/Servo.o
 .debug_macro   0x00002927      0x1df ./Src/main.o
 .debug_macro   0x00002b06       0x16 ./Src/main.o
 .debug_macro   0x00002b1c       0xe2 ./Src/main.o
 .debug_macro   0x00002bfe       0x1c ./Src/main.o
 .debug_macro   0x00002c1a       0x1c ./Src/main.o
 .debug_macro   0x00002c36       0x1c ./Src/main.o
 .debug_macro   0x00002c52      0x14c ./Stm32_F103C6_Drivers/GPIO/Stm32_F103C6_gpio_driver.o
 .debug_macro   0x00002d9e      0x14c ./Stm32_F103C6_Drivers/RCC/Stm32_F103C6_RCC_driver.o
 .debug_macro   0x00002eea       0x10 ./Stm32_F103C6_Drivers/RCC/Stm32_F103C6_RCC_driver.o
 .debug_macro   0x00002efa      0x147 ./Stm32_F103C6_Drivers/TIMER/Stm32_F103C6_TIMER_driver.o
 .debug_macro   0x00003041      0x15e ./Stm32_F103C6_Drivers/USART/Stm32_F103C6_USART_driver.o
 .debug_macro   0x0000319f       0xd6 ./Stm32_F103C6_Drivers/USART/Stm32_F103C6_USART_driver.o

.debug_line     0x00000000     0x5234
 .debug_line    0x00000000      0x74a ./HAL/KeyPad/KPD_program.o
 .debug_line    0x0000074a      0xd70 ./HAL/LCD/Lcd.o
 .debug_line    0x000014ba      0x677 ./HAL/LED/LED.o
 .debug_line    0x00001b31      0x662 ./HAL/PIR/PIR.o
 .debug_line    0x00002193      0x6a2 ./HAL/Servo/Servo.o
 .debug_line    0x00002835      0xb34 ./Src/main.o
 .debug_line    0x00003369       0x7b ./Startup/startup_stm32f103c6tx.o
 .debug_line    0x000033e4      0x867 ./Stm32_F103C6_Drivers/GPIO/Stm32_F103C6_gpio_driver.o
 .debug_line    0x00003c4b      0x683 ./Stm32_F103C6_Drivers/RCC/Stm32_F103C6_RCC_driver.o
 .debug_line    0x000042ce      0x68a ./Stm32_F103C6_Drivers/TIMER/Stm32_F103C6_TIMER_driver.o
 .debug_line    0x00004958      0x8dc ./Stm32_F103C6_Drivers/USART/Stm32_F103C6_USART_driver.o

.debug_str      0x00000000     0xac54
 .debug_str     0x00000000     0x9af1 ./HAL/KeyPad/KPD_program.o
                               0x9cf8 (size before relaxing)
 .debug_str     0x00009af1      0x1b5 ./HAL/LCD/Lcd.o
                               0x9c8d (size before relaxing)
 .debug_str     0x00009ca6       0x70 ./HAL/LED/LED.o
                               0x98cb (size before relaxing)
 .debug_str     0x00009d16       0x75 ./HAL/PIR/PIR.o
                               0x98cf (size before relaxing)
 .debug_str     0x00009d8b      0x106 ./HAL/Servo/Servo.o
                               0x9961 (size before relaxing)
 .debug_str     0x00009e91      0xa57 ./Src/main.o
                               0xa731 (size before relaxing)
 .debug_str     0x0000a8e8       0x3f ./Startup/startup_stm32f103c6tx.o
                                 0x6b (size before relaxing)
 .debug_str     0x0000a927       0xeb ./Stm32_F103C6_Drivers/GPIO/Stm32_F103C6_gpio_driver.o
                               0x99a0 (size before relaxing)
 .debug_str     0x0000aa12       0xaa ./Stm32_F103C6_Drivers/RCC/Stm32_F103C6_RCC_driver.o
                               0x94ef (size before relaxing)
 .debug_str     0x0000aabc       0x90 ./Stm32_F103C6_Drivers/TIMER/Stm32_F103C6_TIMER_driver.o
                               0x94bd (size before relaxing)
 .debug_str     0x0000ab4c      0x108 ./Stm32_F103C6_Drivers/USART/Stm32_F103C6_USART_driver.o
                               0xa112 (size before relaxing)

.comment        0x00000000       0x43
 .comment       0x00000000       0x43 ./HAL/KeyPad/KPD_program.o
                                 0x44 (size before relaxing)
 .comment       0x00000043       0x44 ./HAL/LCD/Lcd.o
 .comment       0x00000043       0x44 ./HAL/LED/LED.o
 .comment       0x00000043       0x44 ./HAL/PIR/PIR.o
 .comment       0x00000043       0x44 ./HAL/Servo/Servo.o
 .comment       0x00000043       0x44 ./Src/main.o
 .comment       0x00000043       0x44 ./Stm32_F103C6_Drivers/GPIO/Stm32_F103C6_gpio_driver.o
 .comment       0x00000043       0x44 ./Stm32_F103C6_Drivers/RCC/Stm32_F103C6_RCC_driver.o
 .comment       0x00000043       0x44 ./Stm32_F103C6_Drivers/TIMER/Stm32_F103C6_TIMER_driver.o
 .comment       0x00000043       0x44 ./Stm32_F103C6_Drivers/USART/Stm32_F103C6_USART_driver.o

.debug_frame    0x00000000      0x8f8
 .debug_frame   0x00000000       0x58 ./HAL/KeyPad/KPD_program.o
 .debug_frame   0x00000058      0x1f8 ./HAL/LCD/Lcd.o
 .debug_frame   0x00000250       0x7c ./HAL/LED/LED.o
 .debug_frame   0x000002cc       0x58 ./HAL/PIR/PIR.o
 .debug_frame   0x00000324       0x58 ./HAL/Servo/Servo.o
 .debug_frame   0x0000037c      0x124 ./Src/main.o
 .debug_frame   0x000004a0      0x178 ./Stm32_F103C6_Drivers/GPIO/Stm32_F103C6_gpio_driver.o
 .debug_frame   0x00000618       0x84 ./Stm32_F103C6_Drivers/RCC/Stm32_F103C6_RCC_driver.o
 .debug_frame   0x0000069c       0x7c ./Stm32_F103C6_Drivers/TIMER/Stm32_F103C6_TIMER_driver.o
 .debug_frame   0x00000718      0x194 ./Stm32_F103C6_Drivers/USART/Stm32_F103C6_USART_driver.o
 .debug_frame   0x000008ac       0x2c C:/ST/STM32CubeIDE_1.16.0/STM32CubeIDE/plugins/com.st.stm32cube.ide.mcu.externaltools.gnu-tools-for-stm32.12.3.rel1.win32_1.0.200.202406191623/tools/bin/../lib/gcc/arm-none-eabi/12.3.1/../../../../arm-none-eabi/lib/thumb/v7-m/nofp\libc_nano.a(libc_a-init.o)
 .debug_frame   0x000008d8       0x20 C:/ST/STM32CubeIDE_1.16.0/STM32CubeIDE/plugins/com.st.stm32cube.ide.mcu.externaltools.gnu-tools-for-stm32.12.3.rel1.win32_1.0.200.202406191623/tools/bin/../lib/gcc/arm-none-eabi/12.3.1/../../../../arm-none-eabi/lib/thumb/v7-m/nofp\libc_nano.a(libc_a-strcmp.o)

.debug_line_str
                0x00000000       0x4f
 .debug_line_str
                0x00000000       0x4f ./Startup/startup_stm32f103c6tx.o

.debug_rnglists
                0x00000000       0x19
 .debug_rnglists
                0x00000000       0x19 ./Startup/startup_stm32f103c6tx.o
