../Stm32_F103C6_Drivers/USART/Stm32_F103C6_USART_driver.c:11:16:which_UART	16	static
../Stm32_F103C6_Drivers/USART/Stm32_F103C6_USART_driver.c:33:6:MCAL_UART_Init	32	static
../Stm32_F103C6_Drivers/USART/Stm32_F103C6_USART_driver.c:121:6:MCAL_UART_DeInit	16	static
../Stm32_F103C6_Drivers/USART/Stm32_F103C6_USART_driver.c:160:6:MCAL_UART_SendData	32	static
../Stm32_F103C6_Drivers/USART/Stm32_F103C6_USART_driver.c:190:6:MCAL_UART_SendString	32	static
../Stm32_F103C6_Drivers/USART/Stm32_F103C6_USART_driver.c:215:6:MCAL_UART_WAIT_TC	16	static
../Stm32_F103C6_Drivers/USART/Stm32_F103C6_USART_driver.c:237:6:MCAL_UART_ReceiveData	32	static
../Stm32_F103C6_Drivers/USART/Stm32_F103C6_USART_driver.c:284:6:MCAL_UART_GPIO_SetPins	24	static
../Stm32_F103C6_Drivers/USART/Stm32_F103C6_USART_driver.c:401:6:USART1_IRQHandler	8	static
../Stm32_F103C6_Drivers/USART/Stm32_F103C6_USART_driver.c:406:6:USART2_IRQHandler	8	static
../Stm32_F103C6_Drivers/USART/Stm32_F103C6_USART_driver.c:411:6:USART3_IRQHandler	8	static
